[phase3 11/14 layer-tree] 11-product-offer
Section  class="pdp" id="buy-now"  bg=#F3F1ED, padding 56px (36px mobile), cols=[12]
└── Col
    └── Row  class="pdp__grid"  width=1240px, align=center, cols=[6,6] desktop / [12] mobile, gutter 44px
        ├── Col (gallery)
        │   ├── Row  class="pdp__main"  bg=#FFFFFF, border 1px #E5E7EB, radius 14px
        │   │   └── Col → Row.slot → Col → Text "HERO IMAGE" + Text "<code>hero-white.jpg</code> Gun on Soft Cloud…"
        │   ├── Row  class="pdp__thumbs"  cols=[3,3,2,2,2], gutter 8px, mt 10px — 5 empty thumb Cols, each bg #FFFFFF, border 1px, radius 8px
        │   └── Text  "[[5 gallery slots: …]]"  13px #6B7280
        └── Col (info)
            ├── Text  class="pdp__rating"  "[[Rating strip — leave blank until Judge.me has real reviews]]"  14px #6B7280
            ├── Heading  class="pdp__title"  level=1  "VelaHush™ Pet Odor Gun"  Outfit 31px/25px, 600
            ├── Line  class="pdp__rule"  64px, 3px, #7EA7B2, left, mb 18px
            ├── IconList  class="pdp__bullets"  itemCount=4, iconText="✓" per item, marker Col = Text glyph on a #DDEAEE circle
            ├── 3 x Row  class="tier"  bg #FFFFFF, border 2px (#E5E7EB / #7EA7B2 on tier 2), radius 12px, padding 16px, mb 10px
            │      each → Col → [Row cols=[8,4] : Text name (left) + Text price (right, compare-at struck through), Text sub 14px #6B7280]
            │      tier 2 also carries Text "MOST POPULAR" flag, #FFFFFF on #7EA7B2, radius 20px
            ├── Button  class="atc"  label="Get the 2-gun set · $99.95"  bg #17243A, #FFFFFF, radius 10px, width 100%, padding 17px
            │           link open-page /products/velahush-pet-odor-gun?variant=54286421786988
            ├── Row  class="pills"  cols=[4,4,4] fit — 3 pill Texts, border 1px #E5E7EB, radius 20px, bg #FFFFFF
            └── Row  class="slot slot--warn"  bg #FCF3E8, border 2px dashed #C9761F, radius 10px → Col → Text "STILL OPEN" + Text body

[input] section.html verbatim — 8379 bytes
[self-check] FINDING — detect mapped the CTA anchor to a plain Text with a link, collapsed each tier's space-between name/price row into one run-on Text ("1 Gun · $59.95"), merged the three trust pills into a single sentence, and resolved the warn slot border to the base .slot #7EA7B2 instead of the .slot--warn override #C9761F; build correction: author the CTA as a Button with settings.btnLink open-page (Text._comments tag_selection requires Button for an <a>), rebuild each tier row as a Row cols=[8,4] so the price stays right-aligned against the name, split the pills back into three bordered Texts in a 3-col fit Row, and set the warn Row border to the cascaded #C9761F.
